src/admin/middleware/logging.ts(21,10): error TS2339: Property 'debug' does not exist on type '{ info: (msg: string) => boolean; success: (msg: string) => boolean; warn: (msg: string) => boolean; error: (msg: string, err?: unknown) => void; proxy: (direction: "тЖТ" | "тЖР", method: string) => boolean; cacheHit: (source: "L1" | "L2", method: string, tokensSaved: number, latencyMs: number) => boolean; cacheMiss: (m...'.
src/admin/middleware/logging.ts(33,14): error TS2339: Property 'debug' does not exist on type '{ info: (msg: string) => boolean; success: (msg: string) => boolean; warn: (msg: string) => boolean; error: (msg: string, err?: unknown) => void; proxy: (direction: "тЖТ" | "тЖР", method: string) => boolean; cacheHit: (source: "L1" | "L2", method: string, tokensSaved: number, latencyMs: number) => boolean; cacheMiss: (m...'.
src/admin/middleware/logging.ts(35,30): error TS2683: 'this' implicitly has type 'any' because it does not have a type annotation.
src/admin/router.ts(7,34): error TS2307: Cannot find module '../../config/schema.js' or its corresponding type declarations.
src/admin/router.ts(8,35): error TS2307: Cannot find module '../../cache/manager.js' or its corresponding type declarations.
src/admin/router.ts(19,65): error TS2307: Cannot find module '../../errors.js' or its corresponding type declarations.
src/admin/router.ts(82,20): error TS18046: 'err' is of type 'unknown'.
src/admin/router.ts(84,16): error TS18046: 'err' is of type 'unknown'.
src/admin/router.ts(85,15): error TS18046: 'err' is of type 'unknown'.
src/admin/router.ts(86,18): error TS18046: 'err' is of type 'unknown'.
src/admin/server.ts(7,34): error TS2307: Cannot find module '../../config/schema.js' or its corresponding type declarations.
src/admin/server.ts(8,35): error TS2307: Cannot find module '../../cache/manager.js' or its corresponding type declarations.
src/admin/server.ts(10,24): error TS2307: Cannot find module '../../logger.js' or its corresponding type declarations.
src/cache/l2-sqlite.ts(175,49): error TS2345: Argument of type 'string' is not assignable to parameter of type 'number'.
src/cache/manager.ts(188,18): error TS2339: Property 'debug' does not exist on type '{ info: (msg: string) => boolean; success: (msg: string) => boolean; warn: (msg: string) => boolean; error: (msg: string, err?: unknown) => void; proxy: (direction: "тЖТ" | "тЖР", method: string) => boolean; cacheHit: (source: "L1" | "L2", method: string, tokensSaved: number, latencyMs: number) => boolean; cacheMiss: (m...'.
src/cli.ts(9,10): error TS2305: Module '"./logger.js"' has no exported member 'initLogger'.
src/cli.ts(19,20): error TS2554: Expected 1 arguments, but got 0.
src/cli.ts(22,32): error TS2339: Property 'logLevel' does not exist on type '{ cache: { dir: string; ttlSeconds: number; l1MaxItems: number; l1MaxSizeBytes: number; maxResponseBytes: number; compress: boolean; excludeMethods: string[]; methodTtlOverrides: Record<string, number>; includeMethods?: string[] | undefined; }; ... 8 more ...; verbose: boolean; }'.
src/cli.ts(27,12): error TS2339: Property 'debug' does not exist on type '{ info: (msg: string) => boolean; success: (msg: string) => boolean; warn: (msg: string) => boolean; error: (msg: string, err?: unknown) => void; proxy: (direction: "тЖТ" | "тЖР", method: string) => boolean; cacheHit: (source: "L1" | "L2", method: string, tokensSaved: number, latencyMs: number) => boolean; cacheMiss: (m...'.
src/config/schema.ts(174,36): error TS2769: No overload matches this call.
  Overload 1 of 2, '(def: { dir: string; ttlSeconds: number; l1MaxItems: number; l1MaxSizeBytes: number; maxResponseBytes: number; compress: boolean; excludeMethods: string[]; methodTtlOverrides: Record<string, number>; includeMethods?: string[] | undefined; }): ZodDefault<...>', gave the following error.
    Argument of type '{}' is not assignable to parameter of type '{ dir: string; ttlSeconds: number; l1MaxItems: number; l1MaxSizeBytes: number; maxResponseBytes: number; compress: boolean; excludeMethods: string[]; methodTtlOverrides: Record<string, number>; includeMethods?: string[] | undefined; }'.
      Type '{}' is missing the following properties from type '{ dir: string; ttlSeconds: number; l1MaxItems: number; l1MaxSizeBytes: number; maxResponseBytes: number; compress: boolean; excludeMethods: string[]; methodTtlOverrides: Record<string, number>; includeMethods?: string[] | undefined; }': dir, ttlSeconds, l1MaxItems, l1MaxSizeBytes, and 4 more.
  Overload 2 of 2, '(def: () => { dir: string; ttlSeconds: number; l1MaxItems: number; l1MaxSizeBytes: number; maxResponseBytes: number; compress: boolean; excludeMethods: string[]; methodTtlOverrides: Record<string, number>; includeMethods?: string[] | undefined; }): ZodDefault<...>', gave the following error.
    Argument of type '{}' is not assignable to parameter of type '() => { dir: string; ttlSeconds: number; l1MaxItems: number; l1MaxSizeBytes: number; maxResponseBytes: number; compress: boolean; excludeMethods: string[]; methodTtlOverrides: Record<string, number>; includeMethods?: string[] | undefined; }'.
      Type '{}' provides no match for the signature '(): { dir: string; ttlSeconds: number; l1MaxItems: number; l1MaxSizeBytes: number; maxResponseBytes: number; compress: boolean; excludeMethods: string[]; methodTtlOverrides: Record<string, number>; includeMethods?: string[] | undefined; }'.
src/config/schema.ts(178,36): error TS2769: No overload matches this call.
  Overload 1 of 2, '(def: { maxRetries: number; delayMs: number; backoffFactor: number; maxDelayMs: number; retryOnNetworkErrors: boolean; }): ZodDefault<ZodObject<{ maxRetries: ZodDefault<ZodNumber>; delayMs: ZodDefault<...>; backoffFactor: ZodDefault<...>; maxDelayMs: ZodDefault<...>; retryOnNetworkErrors: ZodDefault<...>; }, $strip>>', gave the following error.
    Argument of type '{}' is not assignable to parameter of type '{ maxRetries: number; delayMs: number; backoffFactor: number; maxDelayMs: number; retryOnNetworkErrors: boolean; }'.
      Type '{}' is missing the following properties from type '{ maxRetries: number; delayMs: number; backoffFactor: number; maxDelayMs: number; retryOnNetworkErrors: boolean; }': maxRetries, delayMs, backoffFactor, maxDelayMs, retryOnNetworkErrors
  Overload 2 of 2, '(def: () => { maxRetries: number; delayMs: number; backoffFactor: number; maxDelayMs: number; retryOnNetworkErrors: boolean; }): ZodDefault<ZodObject<{ maxRetries: ZodDefault<ZodNumber>; delayMs: ZodDefault<...>; backoffFactor: ZodDefault<...>; maxDelayMs: ZodDefault<...>; retryOnNetworkErrors: ZodDefault<...>; }, $strip>>', gave the following error.
    Argument of type '{}' is not assignable to parameter of type '() => { maxRetries: number; delayMs: number; backoffFactor: number; maxDelayMs: number; retryOnNetworkErrors: boolean; }'.
      Type '{}' provides no match for the signature '(): { maxRetries: number; delayMs: number; backoffFactor: number; maxDelayMs: number; retryOnNetworkErrors: boolean; }'.
src/config/schema.ts(180,40): error TS2769: No overload matches this call.
  Overload 1 of 2, '(def: { requestMs: number; connectionMs: number; shutdownMs: number; }): ZodDefault<ZodObject<{ requestMs: ZodDefault<ZodNumber>; connectionMs: ZodDefault<ZodNumber>; shutdownMs: ZodDefault<...>; }, $strip>>', gave the following error.
    Argument of type '{}' is not assignable to parameter of type '{ requestMs: number; connectionMs: number; shutdownMs: number; }'.
      Type '{}' is missing the following properties from type '{ requestMs: number; connectionMs: number; shutdownMs: number; }': requestMs, connectionMs, shutdownMs
  Overload 2 of 2, '(def: () => { requestMs: number; connectionMs: number; shutdownMs: number; }): ZodDefault<ZodObject<{ requestMs: ZodDefault<ZodNumber>; connectionMs: ZodDefault<ZodNumber>; shutdownMs: ZodDefault<...>; }, $strip>>', gave the following error.
    Argument of type '{}' is not assignable to parameter of type '() => { requestMs: number; connectionMs: number; shutdownMs: number; }'.
      Type '{}' provides no match for the signature '(): { requestMs: number; connectionMs: number; shutdownMs: number; }'.
src/config/schema.ts(182,54): error TS2769: No overload matches this call.
  Overload 1 of 2, '(def: { enabled: boolean; failureThreshold: number; successThreshold: number; timeoutMs: number; }): ZodDefault<ZodObject<{ enabled: ZodDefault<ZodBoolean>; failureThreshold: ZodDefault<...>; successThreshold: ZodDefault<...>; timeoutMs: ZodDefault<...>; }, $strip>>', gave the following error.
    Argument of type '{}' is not assignable to parameter of type '{ enabled: boolean; failureThreshold: number; successThreshold: number; timeoutMs: number; }'.
      Type '{}' is missing the following properties from type '{ enabled: boolean; failureThreshold: number; successThreshold: number; timeoutMs: number; }': enabled, failureThreshold, successThreshold, timeoutMs
  Overload 2 of 2, '(def: () => { enabled: boolean; failureThreshold: number; successThreshold: number; timeoutMs: number; }): ZodDefault<ZodObject<{ enabled: ZodDefault<ZodBoolean>; failureThreshold: ZodDefault<...>; successThreshold: ZodDefault<...>; timeoutMs: ZodDefault<...>; }, $strip>>', gave the following error.
    Argument of type '{}' is not assignable to parameter of type '() => { enabled: boolean; failureThreshold: number; successThreshold: number; timeoutMs: number; }'.
      Type '{}' provides no match for the signature '(): { enabled: boolean; failureThreshold: number; successThreshold: number; timeoutMs: number; }'.
src/config/schema.ts(184,48): error TS2769: No overload matches this call.
  Overload 1 of 2, '(def: { enabled: boolean; maxRequests: number; windowMs: number; }): ZodDefault<ZodObject<{ enabled: ZodDefault<ZodBoolean>; maxRequests: ZodDefault<ZodNumber>; windowMs: ZodDefault<...>; }, $strip>>', gave the following error.
    Argument of type '{}' is not assignable to parameter of type '{ enabled: boolean; maxRequests: number; windowMs: number; }'.
      Type '{}' is missing the following properties from type '{ enabled: boolean; maxRequests: number; windowMs: number; }': enabled, maxRequests, windowMs
  Overload 2 of 2, '(def: () => { enabled: boolean; maxRequests: number; windowMs: number; }): ZodDefault<ZodObject<{ enabled: ZodDefault<ZodBoolean>; maxRequests: ZodDefault<ZodNumber>; windowMs: ZodDefault<...>; }, $strip>>', gave the following error.
    Argument of type '{}' is not assignable to parameter of type '() => { enabled: boolean; maxRequests: number; windowMs: number; }'.
      Type '{}' provides no match for the signature '(): { enabled: boolean; maxRequests: number; windowMs: number; }'.
src/config/schema.ts(186,36): error TS2769: No overload matches this call.
  Overload 1 of 2, '(def: { enabled: boolean; port: number; host: string; corsEnabled: boolean; corsOrigins: string[]; token?: string | undefined; }): ZodDefault<ZodObject<{ enabled: ZodDefault<ZodBoolean>; ... 4 more ...; corsOrigins: ZodDefault<...>; }, $strip>>', gave the following error.
    Argument of type '{}' is not assignable to parameter of type '{ enabled: boolean; port: number; host: string; corsEnabled: boolean; corsOrigins: string[]; token?: string | undefined; }'.
      Type '{}' is missing the following properties from type '{ enabled: boolean; port: number; host: string; corsEnabled: boolean; corsOrigins: string[]; token?: string | undefined; }': enabled, port, host, corsEnabled, corsOrigins
  Overload 2 of 2, '(def: () => { enabled: boolean; port: number; host: string; corsEnabled: boolean; corsOrigins: string[]; token?: string | undefined; }): ZodDefault<ZodObject<{ enabled: ZodDefault<ZodBoolean>; ... 4 more ...; corsOrigins: ZodDefault<...>; }, $strip>>', gave the following error.
    Argument of type '{}' is not assignable to parameter of type '() => { enabled: boolean; port: number; host: string; corsEnabled: boolean; corsOrigins: string[]; token?: string | undefined; }'.
      Type '{}' provides no match for the signature '(): { enabled: boolean; port: number; host: string; corsEnabled: boolean; corsOrigins: string[]; token?: string | undefined; }'.
src/config/schema.ts(188,40): error TS2769: No overload matches this call.
  Overload 1 of 2, '(def: { enabled: boolean; prometheus: boolean; flushIntervalMs: number; }): ZodDefault<ZodObject<{ enabled: ZodDefault<ZodBoolean>; prometheus: ZodDefault<ZodBoolean>; flushIntervalMs: ZodDefault<...>; }, $strip>>', gave the following error.
    Argument of type '{}' is not assignable to parameter of type '{ enabled: boolean; prometheus: boolean; flushIntervalMs: number; }'.
      Type '{}' is missing the following properties from type '{ enabled: boolean; prometheus: boolean; flushIntervalMs: number; }': enabled, prometheus, flushIntervalMs
  Overload 2 of 2, '(def: () => { enabled: boolean; prometheus: boolean; flushIntervalMs: number; }): ZodDefault<ZodObject<{ enabled: ZodDefault<ZodBoolean>; prometheus: ZodDefault<ZodBoolean>; flushIntervalMs: ZodDefault<...>; }, $strip>>', gave the following error.
    Argument of type '{}' is not assignable to parameter of type '() => { enabled: boolean; prometheus: boolean; flushIntervalMs: number; }'.
      Type '{}' provides no match for the signature '(): { enabled: boolean; prometheus: boolean; flushIntervalMs: number; }'.
src/config/schema.ts(190,40): error TS2769: No overload matches this call.
  Overload 1 of 2, '(def: { level: "error" | "debug" | "info" | "warn"; colorize: boolean; timestamps: boolean; }): ZodDefault<ZodObject<{ level: ZodDefault<ZodEnum<{ error: "error"; debug: "debug"; info: "info"; warn: "warn"; }>>; colorize: ZodDefault<...>; timestamps: ZodDefault<...>; }, $strip>>', gave the following error.
    Argument of type '{}' is not assignable to parameter of type '{ level: "error" | "debug" | "info" | "warn"; colorize: boolean; timestamps: boolean; }'.
      Type '{}' is missing the following properties from type '{ level: "error" | "debug" | "info" | "warn"; colorize: boolean; timestamps: boolean; }': level, colorize, timestamps
  Overload 2 of 2, '(def: () => { level: "error" | "debug" | "info" | "warn"; colorize: boolean; timestamps: boolean; }): ZodDefault<ZodObject<{ level: ZodDefault<ZodEnum<{ error: "error"; debug: "debug"; info: "info"; warn: "warn"; }>>; colorize: ZodDefault<...>; timestamps: ZodDefault<...>; }, $strip>>', gave the following error.
    Argument of type '{}' is not assignable to parameter of type '() => { level: "error" | "debug" | "info" | "warn"; colorize: boolean; timestamps: boolean; }'.
      Type '{}' provides no match for the signature '(): { level: "error" | "debug" | "info" | "warn"; colorize: boolean; timestamps: boolean; }'.
src/metrics/reporter.ts(50,12): error TS2339: Property 'debug' does not exist on type '{ info: (msg: string) => boolean; success: (msg: string) => boolean; warn: (msg: string) => boolean; error: (msg: string, err?: unknown) => void; proxy: (direction: "тЖТ" | "тЖР", method: string) => boolean; cacheHit: (source: "L1" | "L2", method: string, tokensSaved: number, latencyMs: number) => boolean; cacheMiss: (m...'.
src/middleware/normalizer.ts(6,10): error TS2305: Module '"../utils/validation.js"' has no exported member 'isObject'.
src/middleware/normalizer.ts(15,19): error TS18046: 'req' is of type 'unknown'.
src/middleware/rate-limiter.ts(28,35): error TS2339: Property 'maxRequestsWindow' does not exist on type '{ enabled: boolean; maxRequests: number; windowMs: number; }'.
src/middleware/rate-limiter.ts(47,13): error TS2554: Expected 2 arguments, but got 1.
src/proxy/passthrough.ts(40,12): error TS2339: Property 'debug' does not exist on type '{ info: (msg: string) => boolean; success: (msg: string) => boolean; warn: (msg: string) => boolean; error: (msg: string, err?: unknown) => void; proxy: (direction: "тЖТ" | "тЖР", method: string) => boolean; cacheHit: (source: "L1" | "L2", method: string, tokensSaved: number, latencyMs: number) => boolean; cacheMiss: (m...'.
src/proxy/passthrough.ts(43,12): error TS2339: Property 'debug' does not exist on type '{ info: (msg: string) => boolean; success: (msg: string) => boolean; warn: (msg: string) => boolean; error: (msg: string, err?: unknown) => void; proxy: (direction: "тЖТ" | "тЖР", method: string) => boolean; cacheHit: (source: "L1" | "L2", method: string, tokensSaved: number, latencyMs: number) => boolean; cacheMiss: (m...'.
src/proxy/passthrough.ts(45,12): error TS2339: Property 'debug' does not exist on type '{ info: (msg: string) => boolean; success: (msg: string) => boolean; warn: (msg: string) => boolean; error: (msg: string, err?: unknown) => void; proxy: (direction: "тЖТ" | "тЖР", method: string) => boolean; cacheHit: (source: "L1" | "L2", method: string, tokensSaved: number, latencyMs: number) => boolean; cacheMiss: (m...'.
src/transport/factory.ts(15,10): error TS2339: Property 'debug' does not exist on type '{ info: (msg: string) => boolean; success: (msg: string) => boolean; warn: (msg: string) => boolean; error: (msg: string, err?: unknown) => void; proxy: (direction: "тЖТ" | "тЖР", method: string) => boolean; cacheHit: (source: "L1" | "L2", method: string, tokensSaved: number, latencyMs: number) => boolean; cacheMiss: (m...'.
